"CROSS ISLAND, AK !!!!WARNING!!!! ------- 70ø29.5'N 147ø57.0'W--(CROSSIS.TID )"
"PRUDHOE BAY, DOCK #2 ------------------- 70ø23.3'N 148ø30.1'W--(PRUDHOE2.TID)"
"PRUDHOE BAY, DOCK #1, AK --------------- 70ø15.8'N 148ø15.8'W--(PRUDHOE1.TID)"
"KIVALINA, CHUKCHI SEA, AK -------------- 67ø43.9'N 164ø34.0'W--(KIVALINA.TID)"
"KOTZEBUE, KOTZEBUE SOUND, AK ----------- 66ø55.0'N 162ø36.0'W--(KOTZEBUE.TID)"
"REYKJAVIK, ICELAND --------------------- 64ø09  'N 021ø51  'W--(REYKJAVK.TID)"
"DIANA BAY, HUDSON STRAIT, CANADA ------- 60ø52. 'N  70ø04. 'W--(DIANABAY.TID)"
"OSLO, NORWAY --------------------------- 59ø55. 'N 010ø44. 'E--(OSLO.TID    )"
"YAKUTAT, AK ---------------------------- 59ø32.8'N 139ø44.1'W--(YAKUTAT.TID )"
"ESBJERG, DENMARK ----------------------- 55ø29  'N 008ø28  'E--(ESBJERG.TID )"
"DUTCH HARBOR, AK ----------------------- 53ø53.6'N 166ø32.2'W--(DUTCHHBR.TID)"
"CUXHAVEN, GERMANY ---------------------- 53ø52  'N 008ø43  'E--(CUXHAVEN.TID)"
"LONDON BRIDGE, ENGLAND ----------------- 51ø30  'N 000ø05  'W--(LONDONBR.TID)"
"SHEERNESS ------------------------------ 51ø27  'N 000ø45  'E--(SHEERNSS.TID)"
"CONSTANTINE HARBOR, AMCHITKA, AK ------- 51ø24.5'N 179ø16.9'E--(CONSTNTN.TID)"
"DOVER, ENGLAND ------------------------- 51ø07  'N 001ø19  'W--(DOVER.TID   )"
"SOUTHAMPTON, ENGLAND ------------------- 50ø54  'N 001ø24  'W--(STHAMPTN.TID)"
"PORTLAND, ENGLAND ---------------------- 50ø34  'N 002ø26  'W--(PORTLNDE.TID)"
"PLYMOUTH (DEVONPORT), ENGLAND ---------- 50ø22  'N 004ø11  'W--(PLYMOUTH.TID)"
"SEPT-ILES, QUEBEC, CANADA -------------- 50ø11. 'N 066ø22. 'W--(SEPTILES.TID)"
"SAINT-SERVAN, FRANCE ------------------- 48ø38  'N 002ø02  'W--(STSERVAN.TID)"
"FRIDAY HARBOR, SAN JUAN ISLAND, WA ----- 48ø32.7'N 123.00.0'W--(FRIDYHBR.TID)"
"BREST, FRANCE -------------------------- 48ø23  'N 004ø30  'W--(BREST.TID   )"
"CAPE ALAVA (FLATTERY ROCKS), WA -------- 48ø10  'N 124ø44  'W--(CAPALAVA.TID)"
"BANGOR, WA ----------------------------- 47ø44.9'N 122ø43.6'W--(BANGORWA.TID)"
"TACOMA, COMMENCEMENT BAY, WA ----------- 47ø17. 'N 122ø25. 'W--(TACOMA.TID  )"
"TOKE POINT, WA ------------------------- 46ø42.4'N 123ø57.9'W--(TOKEPINT.TID)"
"SOUTH BEND, WA ------------------------- 46ø39.8'N 123ø47.9'W--(SOUTHBND.TID)"
"NAHCOTTA, WILLIPA BAY, WA -------------- 46ø30.0'N 124ø01.4'W--(NAHCOTTA.TID)"
"VENEZIA, ITALY ------------------------- 45ø26. 'N 012ø20. 'E--(VENEZIA.TID )"
"BURNTCOAT HEAD, BAY OF FUNDY, CANADA --- 45ø18  'N 063ø48  'W--(BURNTCTH.TID)"
"BANGOR, ME ----------------------------- 44ø47.7'N 068ø46.3'W--(BANGORME.TID)"
"CUTLER, LITTLE RIVER, ME --------------- 44ø39.4'N 067ø12.6'W--(CUTLER.TID  )"
"GIBBS ISLAND, PLEASANT RIVER, ME ------- 44ø33  'N 067ø46  'W--(GIBBSISL.TID)"
"BAR HARBOR, ME --------------------------44ø23.5'N 068ø12.3'W--(BARHARBR.TID)"
"LUNENBURG, NOVA SCOTIA ----------------- 44ø22. 'N 064ø19. 'W--(LUNENBRG.TID)"
"ROCKLAND, ME --------------------------- 44ø06.2'N 069ø06.1'W--(ROCKLAND.TID)"
"BRUNSWICK, ANDROSCOGGIN RIVER, ME ------ 43ø55.3'N 069ø57.8'W--(BRUNSWCK.TID)"
"BATH, KENNEBEC RIVER, ME --------------- 43ø55.1'N 069ø48.8'W--(BATH.TID    )"
"ISLE OF SPRINGS, SHEEPSCOT RIVER, ME ----43ø51.6'N 069ø41.2'W--(ISLSPRNG.TID)"
"BOOTHBAY HARBOR, ME -------------------- 43ø51.0'N 069ø37.7'W--(BTHBYHBR.TID)"
"MONHEGAN ISLAND, ME -------------------- 43ø45.9'N 069ø19.3'W--(MONHEGAN.TID)"
"NICE, FRANCE---------------------------- 43ø43. 'N 007ø18. 'E--(NICE.TID    )"
"MARSEILLE, FRANCE ---------------------- 43ø18. 'N 005ø22. 'E--(MARSEILL.TID)"
"TOULON, FRANCE ------------------------- 43ø07. 'N 005ø54. 'E--(TOULON.TID  )"
"SEAVEY ISLAND, PORTSMOUTH HARBOR, NH --- 43ø05  'N 070ø43.9'W--(SEAVEYIS.TID)"
"MERRIMACK RIVER ENTRANCE, MA ----------- 42ø49  'N 070ø49  'W--(MRRMCKRV.TID)"
"NEWBURYPORT, MERRIMACK RIVER, MA ------- 42ø48.9'N 070ø52.4'W--(NEWBRYPT.TID)"
"GLOUCESTER HARBOR (TEN POUND IS.), MA -- 42ø36.2'N 070ø39.9'W--(GLOUCSTR.TID)"
"SALEM, MA ------------------------------ 42ø31.1'N 070ø53.2'W--(SALEMMA.TID )"
"BANYULS, FRANCE ------------------------ 42ø29. 'N 003ø06. 'E--(BANYULS.TID )"
"PLYMOUTH, PLYMOUTH HARBOR, MA ---------- 41ø57.6'N 070ø39.8'W--(PLYMTHMA.TID)"
"MARBLEHEAD, MA ------------------------- 42ø30  'N 070ø51  'W--(MARBLEHD.TID)"
"NAUSET HARBOR, MA ---------------------- 41ø48. 'N 069ø56. 'W--(NAUSETHB.TID)"
"CAPE COD CANAL, EAST ENT., MA ---------- 41ø46.3'N 070ø30.4'W--(CAPCODCE.TID)"
"BUZZARDS BAY ENT., CAPE COD CANAL, MA -- 41ø44.5'N 070ø37.1'W--(CAPCODCW.TID)"
"PLEASANT BAY, QUONSET POND, MA --------- 41ø44.2'N 069ø58.9'W--(PLSNTBAY.TID)"
"MATTAPOISETT, MA ----------------------- 41ø39.4'N 070ø48.8'W--(MATTAPST.TID)"
"NEW BEDFORD, MA ------------------------ 41ø35,8'N 070ø54.0'W--(NEWBDFRD.TID)"
"WESTPORT HARBOR ENTRANCE, MA ----------- 41ø30.5'N 071ø05.6'W--(WSTPRTMA.TID)"
"VINEYARD HAVEN,    MARTHAS VINEYARD, MA  41ø27  'N 070ø36  'W--(VINYRDHV.TID)"
"MOONSTONE BEACH, RI -------------------- 41ø22  'N 071ø33  'W--(MOONSTON.TID)"
"POINT JUDITH HARBOR OF REFUGE, RI ------ 41ø21.6'N 071ø29.4'W--(PTJUDITH.TID)"
"WAUWINET, MA - (OUTER SHORE) ----------- 41ø20  'N 070ø00  'W--(WAUWINET.TID)"
"WATCH HILL POINT, RI ------------------- 41ø18.3'N 071ø51.6'W--(WATCHHLL.TID)"
"NANTUCKET, MA -------------------------- 41ø17.2'N 070ø05.7'W--(NANTUCKT.TID)"
"NOMANS LAND, MA ------------------------ 41ø15.7'N 070ø49.1'W--(NOMNSLND.TID)"
"HAVERSTRAW, HUDSON RIVER, NY ----------- 41ø11.8'N 073ø57.5'W--(HAVRSTRW.TID)"
"BLOCK ISLAND (OLD HARBOR), RI ---------- 41ø10.4'N 071ø33.4'W--(BLOCKISL.TID)"
"MONTAUK, LONG ISLAND, NY --------------- 41ø02.9'N 071ø57.6'W--(MONTAUK.TID )"
"NORTHPORT, NORTHPORT BAY, NY ----------- 40ø54  'N 073ø21  'W--(NORTHPRT.TID)"
"HACKENSACK,    HACKENSACK RIVER, NJ ---- 40ø53.4'N 074ø02.3'W--(HACKNSAK.TID)"
"GEORGE WASHINGTON BRIDGE, NY ----------- 40ø51  'N 073ø57  'W--(GWBRIDGE.TID)"
"LITTLE FERRY,  HACKENSACK RIVER, NJ ---- 40ø50.8'N 074ø01.9'W--(LTTLFRRY.TID)"
"PORT WASHINGTON, MANHASSET BAY, NY ----- 40ø50. 'N 073ø42. 'W--(PTWSHGTN.TID)"
"SECAUCUS,      HACKENSACK RIVER, NJ ---- 40ø47.9'N 074ø04.2'W--(SECAUCUS.TID)"
"WEEHAWKEN, DAYS POINT, NJ -------------- 40ø46. 'N 074ø01. 'W--(WEEHAWKN.TID)"
"KEARNEY POINT, HACKENSACK RIVER, NJ ---- 40ø43.6'N 074ø06.3'W--(KEARNYPT.TID)"
"BAYSHORE, LONG ISLAND, NY -------------- 40ø43.0'N 073ø14.4'W--(BAYSHORE.TID)"
"WASHINGTON CANAL, RARITAN RIVER, NJ ---- 40ø28.3'N 074ø22.1'W--(WASHCANL.TID)"
"SEA GIRT, NJ --------------------------- 40ø08  'N 074ø02  'W--(SEAGIRT.TID )"
"BARNEGAT INLET, NJ --------------------- 39ø45.7'N 074ø06.7'W--(BARNEGAT.TID)"
"ATLANTIC CITY, (STEEL PIER), NJ -------- 39ø21.3'N 074ø25.1'W--(ATLNTCCT.TID)"
"LEWISETTA, POTOMAC R., VA -------------- 38ø59.8'N 076ø27.8'W--(LEWISETA.TID)"
"ANNAPOLIS, MD -------------------------- 38ø59.1'N 076ø29.2'W--(ANNAPLIS.TID)"
"CAPE MAY (FERRY TERMINAL), NJ ---------- 38ø58.1'N 074ø57.6'W--(CAPEMAY.TID )"
"GINGERVILLE CREEK, SOUTH RIVER, MD ----- 38ø57.5'N 076ø33.3'W--(GNGRVLCR.TID)"
"THOMAS POINT SHOAL LIGHT, MD ----------- 38ø54  'N 076ø26  'W--(THMSPTLT.TID)"
"WARETOWN, BARNEGAT BAY, NJ ------------- 38ø47.5'N 074ø10.9'W--(WARETOWN.TID)"
"CHESAPEAKE BEACH, MD ------------------- 38ø41.4'N 076ø31.9'W--(CHSPKBCH.TID)"
"INDIAN RIVER INLET (USCG STATION), DE -- 38ø36.6'N 075ø04.2'W--(INDIANRV.TID)"
"OCEAN CITY, ISLE OF WIGHT BAY, MD ------ 38ø19.9'N 075ø05.4'W--(OCCTYISW.TID)"
"SOLOMON'S ISLAND, MD ------------------- 38ø19.0'N 076ø27.2'W--(SOLOMNSI.TID)"
"COLONIAL BEACH, POTOMAC R., VA --------- 38ø15.2'N 076ø57.7'W--(COLNLBCH.TID)"
"COBB POINT BAR LIGHT, MD --------------- 38ø15  'N 076ø50  'W--(COBBPTBR.TID)"
"WALLOPS ISLAND, VA --------------------- 37ø50.5'N 075ø28.7'W--(WALLOPSI.TID)"
"WINDMILL POINT MARINA, VA -------------- 37ø36.7'N 076ø16.5'W--(WINDMLPT.TID)"
"CAPE CHARLES COAST GUARD STATION, VA --- 37ø15.8'N 076ø00.9'W--(CAPCHCGS.TID)"
"VIRGINIA BEACH, VA --------------------- 36ø50.6'N 075ø58.3'W--(VABEACH.TID )"
"MOSS LANDING (OCEAN PIER), CA ---------- 36ø48.1'N 121ø47.4'W--(MOSSLNDG.TID)"
"MONTEREY HARBOR, CA ---------------------36ø36.3'N 121ø53.3'W--(MNTRYHBR.TID)"
"DUCK PIER, OUTSIDE, NC ----------------- 36ø10.9'N 075ø45.0'W--(DUCKPIER.TID)"
"MORRO BEACH, ESTERO BAY, CA ------------ 35ø24  'N 120ø52  'W--(MORROBCH.TID)"
"AVON, NC ------------------------------- 35ø20.8'N 075ø30.0'W--(AVONNC.TID  )"
"CAPE HATTERAS (FISHING PIER), NC ------- 35ø13.4'N 075ø38.1'W--(HATTERAS.TID)"
"HATTERAS INLET, NC --------------------- 35ø12.3'N 074ø42.2'W--(HTRSINLT.TID)"
"PORT SAN LUIS, CA ---------------------- 35ø10.6'N 120ø45.6'W--(PTSNLUIS.TID)"
"MOREHEAD CITY, NC ---------------------- 34ø43.1'N 076ø41.7'W--(MOREHEAD.TID)"
"MYRTLE BEACH (SPRINGMAID PIER), SC ----- 33ø40.0'N 078ø54.4'W--(MYRTLBCH.TID)"
"CASABLANCA -- ATT DATA + INFER --------- 33ø36  'N 007ø37  'W--(CASABLNC.TID)"
"BIG PARADISE ISLAND, WANDO RIVER, SC --- 32ø54.9'N 079ø44.8'W--(BIGPRDIS.TID)"
"LA JOLLA, CA - SCRIPPS INST. WHARF ----- 32ø52.0'N 117ø15.4'W--(LAJOLLA.TID )"
"BEAUFORT, BEAUFORT RIVER, SC ----------- 32ø26. 'N 080ø40. 'W--(BEAUFORT.TID)"
"BAILEY'S LANDING, OKATEE WHARF, SC ----- 32ø20.8'N 080ø53.4'W--(BAILYLND.TID)"
"VICTORIA BLUFF, COLLETON RIVER, SC ----- 32ø18. 'N 080ø48. 'W--(VICTBLUF.TID)"
"HILTON HEAD, SC ------------------------ 32ø14. 'N 080ø40. 'W--(HILTONHD.TID)"
"BROAD CREEK, SC ------------------------ 32ø11. 'N 080ø45. 'W--(BROADCRK.TID)"
"THE FOLLY, HILTON HEAD ISLAND, SC ------ 32ø11. 'N 080ø42. 'W--(THEFOLLY.TID)"
"HAIG POINT, DAUFUSKIE ISLAND, SC ------- 32ø09. 'N 080ø50. 'W--(HAIGPONT.TID)"
"DAUFUSKIE LANDING, NEW RIVER, SC ------- 32ø06. 'N 080ø54. 'W--(DAUFSKLD.TID)"
"BLOODY POINT, NEW RIVER, SC ------------ 32ø05. 'N 080ø53. 'W--(BLOODYPT.TID)"
"BLUFFTON, MAY RIVER, SC ---------------- 32ø05. 'N 080ø52. 'W--(BLUFFTON.TID)"
"ENSENADA, B.C., MEXICO ----------------- 31ø51. 'N 116ø38. 'W--(ENSENADA.TID)"
"EL GOLFO, SONORA, MEXICO ---[APPROX.] -- 31ø39  'N 114ø35  'W--(ELGOLFO.TID )"
"PUERT0 PENASCO, SONORA, MEXICO --------- 31ø18. 'N 113ø32. 'W--(PRTPNSCO.TID)"
"SAN FELIPE, B.C., MEXICO - [ESTIMATE] -- 31ø02  'N 114ø46  'W--(SNFELIPE.TID)"
"GULFPORT, GULFPORT HARBOR, MS ---------- 30ø21.6'N 089ø04.9'W--(GLFPRTMS.TID)"
"BAY ST. LOUIS, MS ---------------------- 30ø18.3'N 089ø19.5'W--(BYSTLUIS.TID)"
"SHELL POINT, FL ------------------------ 30ø03.5'N 084ø17.9'W--(SHELLPNT.TID)"
"TURKEY POINT, FSU LAB, FL -------------- 29ø54,9'N 084ø30.7'W--(TURKEYPT.TID)"
"APALACHICOLA, FL ----------------------- 29ø43.4'N 084ø58.8'W--(APLCHCLA.TID)"
"CYPREMONT POINT, LA -------------------- 29ø42.7'N 091ø52.7'W--(CYPREMNT.TID)"
"SABINE PASS, TX ------------------------ 29ø42.4'N 093ø51.2'W--(SABINEPS.TID)"
"GALVESTON, PLEASURE PIER, TX ----------- 29ø17.2'N 094ø47.4'W--(GLVSPLPR.TID)"
"GRAND ISLE, USCG STATION, E. PT., LA --- 29ø16.5'N 089ø57.5'W--(GRNDISLE.TID)"
"BAYOU RIGAUD, GRAND ISLE, LA ----------- 29ø15.5'N 089ø58. 'W--(BAYURIGD.TID)"
"COCODRIE, TERREBONNE BAY, LA ----------- 29ø14.7'N 090ø39.7'W--(COCODRIE.TID)"
"DAYTONA BEACH, FL ---------------------- 29ø13.7'N 081ø00.3'W--(DAYTONAB.TID)"
"BAHIA DE LOS ANGELES, B.C., MEXICO ----- 28ø57  'N 113ø33  'W--(BHDLOSAN.TID)"
"SOUTHWEST PASS (DELTA), LA ------------- 28ø56. 'N 089ø26. 'W--(SWPASSLA.TID)"
"ISLA GUADALUPE, B.C., MEXICO ----------- 28ø52. 'N 116ø17. 'W--(ISLGDLUP.TID)"
"PORT LAVACA, MATAGORDA BAY, TX --------- 28ø39.0'N 096ø35.7'W--(PRTLAVAC.TID)"
"PORT O'CONNOR, MATAGORDA BAY, TX ------- 28ø27.1'N 096ø23.3'W--(PRTOCNNR.TID)"
"CAPE CANAVERAL, FL --------------------- 28ø26  'N 080ø34  'W--(CAPCANAV.TID)"
"HUDSON, FL ----------------------------- 28ø22  'N 082ø42  'W--(HUDSONFL.TID)"
"ROCKPORT, TX --------------------------- 28ø01.3'N 097ø02.8'W--(ROCKPRTX.TID)"
"CLEARWATER BEACH, FL ------------------- 27ø58.6'N 082ø49.9'W--(CLEARWTR.TID)"
"GUAYMAS, SONORA, MEXICO ---------------- 27ø55. 'N 110ø53._'W--(GUAYMAS.TID )"
"ARANSAS CHANNEL, TX -------------------- 27ø50.3'N 097ø03.1'W--(ARANSSCH.TID)"
"PORT ARANSAS, TX ----------------------- 27ø49.6'N 097ø03.5'W--(PTARANSS.TID)"
"SARASOTA, SARASOTA BAY, FL ------------- 27ø19.9'N 082ø32.7'W--(SARASOTA.TID)"
"SANTA ROSALIA, BCS, MEXICO - [ESTIMATE]- 27ø19  'N 112ø15  'W--(SROSALIA.TID)"
"BALLENAS BAY, B.C.S., MEXICO ----------- 26ø43. 'N 113ø34. 'W--(BLLNSBAY.TID)"
"YAVAROS, SONORA, MEXICO ---------------- 26ø42  'N 109ø30  'W--(YAVAROS.TID )"
"FORT MYERS, CALOOSAHATCHEE R., FL ------ 26ø38.8'N 081ø52.3'W--(FORTMYRS.TID)"
"MATANZAS PASS, ESTERO ISLAND, FL ------- 26ø27.4'N 081ø57.2'W--(MATANZAS.TID)"
"SAN JUANICO BAY, B.C.S., MEXICO -------- 26ø15. 'N 112ø28. 'W--(SNJNCOBY.TID)"
"PORT ISABEL, TX ------------------------ 26ø03.7'N 097ø12.8'W--(PRTISABL.TID)"
"NAPLES, FL ----------------------------- 26ø07.8'N 081ø48.4'W--(NAPLESFL.TID)"
"PADRE ISLAND (SOUTH END), TX ----------- 26ø04.1'N 097ø09.1'W--(PADREISL.TID)"
"MARCO, BIG MARCO RIVER, FL ------------- 25ø58.3'N 081ø44.0'W--(MARCO.TID   )"
"TOPOLOBAMPO, SINALOA, MEXICO ----------- 25ø36. 'N 109ø02. 'W--(TOPLBMPO.TID)"
"FLAMINGO, FL --------------------------- 25ø09  'N 080ø56  'W--(FLAMINGO.TID)"
"FUJAIRAH, U.A.E. -- IHO DATA WTH INFER - 25ø08. 'N 056ø21. 'E--(FUJAIRAH.TID)"
"NASSAU, BAHAMAS ------------------------ 25ø05  'N 077ø21  'W--(NASSAU.TID  )"
"TAVERNIER, HAWK CHANNEL, FL ------------ 25ø00.3'N 080ø31.0'W--(TAVERNIR.TID)"
"ALLIGATOR REEF LIGHT, FL --------------- 24ø51.0'N 080ø37.1'W--(ALLGTRRL.TID)"
"SAN CARLOS, B.C.S., MEXICO ------------- 24ø47. 'N 112ø07. 'W--(SNCARLOS.TID)"
"MAGDALENA BAY, B.C.S., MEXICO ---------- 24ø38. 'N 112ø09. 'W--(MGDLNBAY.TID)"
"SAND KEY LIGHT, FL --------------------- 24ø27.2'N 081ø52.6'W--(SANDKYLT.TID)"
"LA PAZ, B.C.S., MEXICO ----------------- 24ø09. 'N 110ø18. 'W--(LAPAZMEX.TID)"
"CABO SAN LUCAS, B.C.S., MEXICO --------- 22ø53. 'N 109ø54. 'W--(CBSNLUCS.TID)"
"KAO-HSIUNG, CHINA ---------------------- 22ø37  'N 120ø16  'E--(KAOHSUNG.TID)"
"HONG KONG , UK ------------------------- 22ø17  'N 114ø11  'E--(HONGKONG.TID)"
"SANDY POINT, NORTH CAICOS ISLAND ------- 21ø56  'N 072ø03  'W--(SANDYPNT.TID)"
"HAWKS NEST ANCHORAGE, TURKS ISLANDS ---- 21ø26  'N 071ø07  'W--(HAWKSNST.TID)"
"KIHEI, MAALEA BAY, MAUI, HI -------------20ø47  'N 156ø28  'W--(KIHEI.TID   )"
"PUNTA TUNAS, PUERTO RICO --------------- 17ø59.4'N 065ø53.1'W--(PNTTUNAS.TID)"
"PONDICHERRY, TAMIL NADU, INDIA --------- 11ø56. 'N 079ø50. 'E--(PONDICHR.TID)"
"OBBIA, SOMALIA ------------------------- 05ø20. 'N 048ø30. 'E--(OBBIA.TID   )"
"DOUALA, CAMEROON ----------------------- 04ø03. 'N 009ø41. 'E--(DOUALA.TID  )"
"MAN O' WAR BAY, CAMEROON --------------- 03ø58. 'N 009ø13. 'E--(MANOWARB.TID)"
"TARAWA, GILBERT ISLANDS ---------------- 01ø22  'N 172ø56  'E--(TARAWA.TID  )"
"DARWIN, AUSTRALIA ---------------------- 12ø28  'S 130ø51  'E--(DARWIN.TID  )"
"MATAVIA, TAHITI ------------------------ 17ø31. 'S 149ø31. 'W--(MATAHITI.TID)"
"TAILEVU, FIJI ISLANDS ------------------ 17ø39. 'S 178ø35. 'E--(TAILEVU.TID )"
"MOTUOINI, TAHITI ----------------------- 17ø45. 'S 149ø22. 'W--(MOTAHITI.TID)"
"SUVA HARBOR, FIJI ISLANDS -------------- 18ø08. 'S 178ø26. 'E--(SUVAHRBR.TID)"
"NUKU'ALOFA, TONGA ---------------------- 21ø08  'S 175ø13  'W--(NUKUALFA.TID)"
"HANGA PIKO, EASTER ISLAND -------------- 27ø10  'S 109ø20  'W--(HANGAPKO.TID)"
"BRISBANE BAR, AUSTRALIA ---------------- 27ø20  'S 153ø10  'E--(BRISBNBR.TID)"
"SYDNEY, AUSTRALIA ---------------------- 33ø51  'S 151ø14  'E--(SYDNEY.TID  )"
"MELBOURNE, AUSTRALIA -- (APPROXIMATE) -- 37ø52  'S 144ø55  'E--(MELBOURN.TID)"
"PORT TARANAKI, NEW ZEALAND ------------- 39ø04  'S 174ø02  'E--(TARANAKI.TID)"
"NELSON, NEW ZEALAND -------------------- 41ø16  'S 173ø16  'E--(NELSON.TID  )"
"PICTON, NEW ZEALAND -------------------- 41ø17  'S 174ø00  'E--(PICTON.TID  )"
"PUNTA DELGADA, MAGELLAN STR, CHILE ----- 52ø28. 'S 069ø32. 'W--(PTDELGAD.TID)"
"CALETA PERCY, MAGELLAN STRAIT, CHILE --- 52ø54. 'S 070ø16. 'W--(CALETAPC.TID)"
"PUERTO WILLIAMS, CHILE ----------------- 54ø56. 'S 067ø37. 'W--(PTWILLMS.TID)"
"PUERTO SOBERANIA, PALMER PENINSULA ----- 62ø29. 'S 059ø38. 'W--(PRTSOBER.TID)"
"MCMURDO SOUND, ANTARTICA --------------- 77ø51.2'S 166ø39.3'E--(MCMURDOS.TID)"
               

